INFO:root:================Start================

DEBUG:matplotlib.font_manager:findfont: Matching :family=sans-serif:style=normal:variant=normal:weight=normal:stretch=normal:size=10.0 to DejaVu Sans ('/home/anhtu293/.local/lib/python3.6/site-packages/matplotlib/mpl-data/fonts/ttf/DejaVuSans.ttf') with score of 0.050000.
DEBUG:matplotlib.axes._base:update_title_pos
DEBUG:matplotlib.font_manager:findfont: Matching :family=sans-serif:style=normal:variant=normal:weight=normal:stretch=normal:size=12.0 to DejaVu Sans ('/home/anhtu293/.local/lib/python3.6/site-packages/matplotlib/mpl-data/fonts/ttf/DejaVuSans.ttf') with score of 0.050000.
DEBUG:matplotlib.font_manager:findfont: Matching :family=STIXGeneral:style=normal:variant=normal:weight=normal:stretch=normal:size=10.0 to STIXGeneral ('/home/anhtu293/.local/lib/python3.6/site-packages/matplotlib/mpl-data/fonts/ttf/STIXGeneral.ttf') with score of 0.050000.
DEBUG:matplotlib.font_manager:findfont: Matching :family=STIXGeneral:style=italic:variant=normal:weight=normal:stretch=normal:size=10.0 to STIXGeneral ('/home/anhtu293/.local/lib/python3.6/site-packages/matplotlib/mpl-data/fonts/ttf/STIXGeneralItalic.ttf') with score of 0.050000.
DEBUG:matplotlib.font_manager:findfont: Matching :family=STIXGeneral:style=normal:variant=normal:weight=bold:stretch=normal:size=10.0 to STIXGeneral ('/home/anhtu293/.local/lib/python3.6/site-packages/matplotlib/mpl-data/fonts/ttf/STIXGeneralBol.ttf') with score of 0.000000.
DEBUG:matplotlib.font_manager:findfont: Matching :family=STIXNonUnicode:style=normal:variant=normal:weight=normal:stretch=normal:size=10.0 to STIXNonUnicode ('/home/anhtu293/.local/lib/python3.6/site-packages/matplotlib/mpl-data/fonts/ttf/STIXNonUni.ttf') with score of 0.050000.
DEBUG:matplotlib.font_manager:findfont: Matching :family=STIXNonUnicode:style=italic:variant=normal:weight=normal:stretch=normal:size=10.0 to STIXNonUnicode ('/home/anhtu293/.local/lib/python3.6/site-packages/matplotlib/mpl-data/fonts/ttf/STIXNonUniIta.ttf') with score of 0.050000.
DEBUG:matplotlib.font_manager:findfont: Matching :family=STIXNonUnicode:style=normal:variant=normal:weight=bold:stretch=normal:size=10.0 to STIXNonUnicode ('/home/anhtu293/.local/lib/python3.6/site-packages/matplotlib/mpl-data/fonts/ttf/STIXNonUniBol.ttf') with score of 0.000000.
DEBUG:matplotlib.font_manager:findfont: Matching :family=STIXSizeOneSym:style=normal:variant=normal:weight=normal:stretch=normal:size=10.0 to STIXSizeOneSym ('/home/anhtu293/.local/lib/python3.6/site-packages/matplotlib/mpl-data/fonts/ttf/STIXSizOneSymReg.ttf') with score of 0.050000.
DEBUG:matplotlib.font_manager:findfont: Matching :family=STIXSizeTwoSym:style=normal:variant=normal:weight=normal:stretch=normal:size=10.0 to STIXSizeTwoSym ('/home/anhtu293/.local/lib/python3.6/site-packages/matplotlib/mpl-data/fonts/ttf/STIXSizTwoSymReg.ttf') with score of 0.050000.
DEBUG:matplotlib.font_manager:findfont: Matching :family=STIXSizeThreeSym:style=normal:variant=normal:weight=normal:stretch=normal:size=10.0 to STIXSizeThreeSym ('/home/anhtu293/.local/lib/python3.6/site-packages/matplotlib/mpl-data/fonts/ttf/STIXSizThreeSymReg.ttf') with score of 0.050000.
DEBUG:matplotlib.font_manager:findfont: Matching :family=STIXSizeFourSym:style=normal:variant=normal:weight=normal:stretch=normal:size=10.0 to STIXSizeFourSym ('/home/anhtu293/.local/lib/python3.6/site-packages/matplotlib/mpl-data/fonts/ttf/STIXSizFourSymReg.ttf') with score of 0.050000.
DEBUG:matplotlib.font_manager:findfont: Matching :family=STIXSizeFiveSym:style=normal:variant=normal:weight=normal:stretch=normal:size=10.0 to STIXSizeFiveSym ('/home/anhtu293/.local/lib/python3.6/site-packages/matplotlib/mpl-data/fonts/ttf/STIXSizFiveSymReg.ttf') with score of 0.050000.
DEBUG:matplotlib.font_manager:findfont: Matching :family=cmsy10:style=normal:variant=normal:weight=normal:stretch=normal:size=10.0 to cmsy10 ('/home/anhtu293/.local/lib/python3.6/site-packages/matplotlib/mpl-data/fonts/ttf/cmsy10.ttf') with score of 0.050000.
DEBUG:matplotlib.font_manager:findfont: Matching :family=cmr10:style=normal:variant=normal:weight=normal:stretch=normal:size=10.0 to cmr10 ('/home/anhtu293/.local/lib/python3.6/site-packages/matplotlib/mpl-data/fonts/ttf/cmr10.ttf') with score of 0.050000.
DEBUG:matplotlib.font_manager:findfont: Matching :family=cmtt10:style=normal:variant=normal:weight=normal:stretch=normal:size=10.0 to cmtt10 ('/home/anhtu293/.local/lib/python3.6/site-packages/matplotlib/mpl-data/fonts/ttf/cmtt10.ttf') with score of 0.050000.
DEBUG:matplotlib.font_manager:findfont: Matching :family=cmmi10:style=normal:variant=normal:weight=normal:stretch=normal:size=10.0 to cmmi10 ('/home/anhtu293/.local/lib/python3.6/site-packages/matplotlib/mpl-data/fonts/ttf/cmmi10.ttf') with score of 0.050000.
DEBUG:matplotlib.font_manager:findfont: Matching :family=cmb10:style=normal:variant=normal:weight=normal:stretch=normal:size=10.0 to cmb10 ('/home/anhtu293/.local/lib/python3.6/site-packages/matplotlib/mpl-data/fonts/ttf/cmb10.ttf') with score of 0.050000.
DEBUG:matplotlib.font_manager:findfont: Matching :family=cmss10:style=normal:variant=normal:weight=normal:stretch=normal:size=10.0 to cmss10 ('/home/anhtu293/.local/lib/python3.6/site-packages/matplotlib/mpl-data/fonts/ttf/cmss10.ttf') with score of 0.050000.
DEBUG:matplotlib.font_manager:findfont: Matching :family=cmex10:style=normal:variant=normal:weight=normal:stretch=normal:size=10.0 to cmex10 ('/home/anhtu293/.local/lib/python3.6/site-packages/matplotlib/mpl-data/fonts/ttf/cmex10.ttf') with score of 0.050000.
DEBUG:matplotlib.font_manager:findfont: Matching :family=DejaVu Sans:style=normal:variant=normal:weight=normal:stretch=normal:size=10.0 to DejaVu Sans ('/home/anhtu293/.local/lib/python3.6/site-packages/matplotlib/mpl-data/fonts/ttf/DejaVuSans.ttf') with score of 0.050000.
DEBUG:matplotlib.font_manager:findfont: Matching :family=DejaVu Sans:style=italic:variant=normal:weight=normal:stretch=normal:size=10.0 to DejaVu Sans ('/home/anhtu293/.local/lib/python3.6/site-packages/matplotlib/mpl-data/fonts/ttf/DejaVuSans-Oblique.ttf') with score of 0.150000.
DEBUG:matplotlib.font_manager:findfont: Matching :family=DejaVu Sans:style=normal:variant=normal:weight=bold:stretch=normal:size=10.0 to DejaVu Sans ('/home/anhtu293/.local/lib/python3.6/site-packages/matplotlib/mpl-data/fonts/ttf/DejaVuSans-Bold.ttf') with score of 0.000000.
DEBUG:matplotlib.font_manager:findfont: Matching :family=DejaVu Sans Mono:style=normal:variant=normal:weight=normal:stretch=normal:size=10.0 to DejaVu Sans Mono ('/home/anhtu293/.local/lib/python3.6/site-packages/matplotlib/mpl-data/fonts/ttf/DejaVuSansMono.ttf') with score of 0.050000.
DEBUG:matplotlib.font_manager:findfont: Matching :family=DejaVu Sans Display:style=normal:variant=normal:weight=normal:stretch=normal:size=10.0 to DejaVu Sans Display ('/home/anhtu293/.local/lib/python3.6/site-packages/matplotlib/mpl-data/fonts/ttf/DejaVuSansDisplay.ttf') with score of 0.050000.
DEBUG:matplotlib.axes._base:update_title_pos
DEBUG:matplotlib.axes._base:update_title_pos
DEBUG:matplotlib.axes._base:update_title_pos
DEBUG:matplotlib.axes._base:update_title_pos
DEBUG:matplotlib.axes._base:update_title_pos
DEBUG:matplotlib.axes._base:update_title_pos
DEBUG:matplotlib.axes._base:update_title_pos
DEBUG:matplotlib.axes._base:update_title_pos
DEBUG:matplotlib.axes._base:update_title_pos
INFO:root:Iteration 0 

INFO:root:[-0.08344629111812582, 0.9634258164372033, -4.455953896706977e-06]
INFO:root:================End================

INFO:root:================Start================

DEBUG:matplotlib.font_manager:findfont: Matching :family=sans-serif:style=normal:variant=normal:weight=normal:stretch=normal:size=10.0 to DejaVu Sans ('/home/anhtu293/.local/lib/python3.6/site-packages/matplotlib/mpl-data/fonts/ttf/DejaVuSans.ttf') with score of 0.050000.
DEBUG:matplotlib.axes._base:update_title_pos
DEBUG:matplotlib.font_manager:findfont: Matching :family=sans-serif:style=normal:variant=normal:weight=normal:stretch=normal:size=12.0 to DejaVu Sans ('/home/anhtu293/.local/lib/python3.6/site-packages/matplotlib/mpl-data/fonts/ttf/DejaVuSans.ttf') with score of 0.050000.
DEBUG:matplotlib.font_manager:findfont: Matching :family=STIXGeneral:style=normal:variant=normal:weight=normal:stretch=normal:size=10.0 to STIXGeneral ('/home/anhtu293/.local/lib/python3.6/site-packages/matplotlib/mpl-data/fonts/ttf/STIXGeneral.ttf') with score of 0.050000.
DEBUG:matplotlib.font_manager:findfont: Matching :family=STIXGeneral:style=italic:variant=normal:weight=normal:stretch=normal:size=10.0 to STIXGeneral ('/home/anhtu293/.local/lib/python3.6/site-packages/matplotlib/mpl-data/fonts/ttf/STIXGeneralItalic.ttf') with score of 0.050000.
DEBUG:matplotlib.font_manager:findfont: Matching :family=STIXGeneral:style=normal:variant=normal:weight=bold:stretch=normal:size=10.0 to STIXGeneral ('/home/anhtu293/.local/lib/python3.6/site-packages/matplotlib/mpl-data/fonts/ttf/STIXGeneralBol.ttf') with score of 0.000000.
DEBUG:matplotlib.font_manager:findfont: Matching :family=STIXNonUnicode:style=normal:variant=normal:weight=normal:stretch=normal:size=10.0 to STIXNonUnicode ('/home/anhtu293/.local/lib/python3.6/site-packages/matplotlib/mpl-data/fonts/ttf/STIXNonUni.ttf') with score of 0.050000.
DEBUG:matplotlib.font_manager:findfont: Matching :family=STIXNonUnicode:style=italic:variant=normal:weight=normal:stretch=normal:size=10.0 to STIXNonUnicode ('/home/anhtu293/.local/lib/python3.6/site-packages/matplotlib/mpl-data/fonts/ttf/STIXNonUniIta.ttf') with score of 0.050000.
DEBUG:matplotlib.font_manager:findfont: Matching :family=STIXNonUnicode:style=normal:variant=normal:weight=bold:stretch=normal:size=10.0 to STIXNonUnicode ('/home/anhtu293/.local/lib/python3.6/site-packages/matplotlib/mpl-data/fonts/ttf/STIXNonUniBol.ttf') with score of 0.000000.
DEBUG:matplotlib.font_manager:findfont: Matching :family=STIXSizeOneSym:style=normal:variant=normal:weight=normal:stretch=normal:size=10.0 to STIXSizeOneSym ('/home/anhtu293/.local/lib/python3.6/site-packages/matplotlib/mpl-data/fonts/ttf/STIXSizOneSymReg.ttf') with score of 0.050000.
DEBUG:matplotlib.font_manager:findfont: Matching :family=STIXSizeTwoSym:style=normal:variant=normal:weight=normal:stretch=normal:size=10.0 to STIXSizeTwoSym ('/home/anhtu293/.local/lib/python3.6/site-packages/matplotlib/mpl-data/fonts/ttf/STIXSizTwoSymReg.ttf') with score of 0.050000.
DEBUG:matplotlib.font_manager:findfont: Matching :family=STIXSizeThreeSym:style=normal:variant=normal:weight=normal:stretch=normal:size=10.0 to STIXSizeThreeSym ('/home/anhtu293/.local/lib/python3.6/site-packages/matplotlib/mpl-data/fonts/ttf/STIXSizThreeSymReg.ttf') with score of 0.050000.
DEBUG:matplotlib.font_manager:findfont: Matching :family=STIXSizeFourSym:style=normal:variant=normal:weight=normal:stretch=normal:size=10.0 to STIXSizeFourSym ('/home/anhtu293/.local/lib/python3.6/site-packages/matplotlib/mpl-data/fonts/ttf/STIXSizFourSymReg.ttf') with score of 0.050000.
DEBUG:matplotlib.font_manager:findfont: Matching :family=STIXSizeFiveSym:style=normal:variant=normal:weight=normal:stretch=normal:size=10.0 to STIXSizeFiveSym ('/home/anhtu293/.local/lib/python3.6/site-packages/matplotlib/mpl-data/fonts/ttf/STIXSizFiveSymReg.ttf') with score of 0.050000.
DEBUG:matplotlib.font_manager:findfont: Matching :family=cmsy10:style=normal:variant=normal:weight=normal:stretch=normal:size=10.0 to cmsy10 ('/home/anhtu293/.local/lib/python3.6/site-packages/matplotlib/mpl-data/fonts/ttf/cmsy10.ttf') with score of 0.050000.
DEBUG:matplotlib.font_manager:findfont: Matching :family=cmr10:style=normal:variant=normal:weight=normal:stretch=normal:size=10.0 to cmr10 ('/home/anhtu293/.local/lib/python3.6/site-packages/matplotlib/mpl-data/fonts/ttf/cmr10.ttf') with score of 0.050000.
DEBUG:matplotlib.font_manager:findfont: Matching :family=cmtt10:style=normal:variant=normal:weight=normal:stretch=normal:size=10.0 to cmtt10 ('/home/anhtu293/.local/lib/python3.6/site-packages/matplotlib/mpl-data/fonts/ttf/cmtt10.ttf') with score of 0.050000.
DEBUG:matplotlib.font_manager:findfont: Matching :family=cmmi10:style=normal:variant=normal:weight=normal:stretch=normal:size=10.0 to cmmi10 ('/home/anhtu293/.local/lib/python3.6/site-packages/matplotlib/mpl-data/fonts/ttf/cmmi10.ttf') with score of 0.050000.
DEBUG:matplotlib.font_manager:findfont: Matching :family=cmb10:style=normal:variant=normal:weight=normal:stretch=normal:size=10.0 to cmb10 ('/home/anhtu293/.local/lib/python3.6/site-packages/matplotlib/mpl-data/fonts/ttf/cmb10.ttf') with score of 0.050000.
DEBUG:matplotlib.font_manager:findfont: Matching :family=cmss10:style=normal:variant=normal:weight=normal:stretch=normal:size=10.0 to cmss10 ('/home/anhtu293/.local/lib/python3.6/site-packages/matplotlib/mpl-data/fonts/ttf/cmss10.ttf') with score of 0.050000.
DEBUG:matplotlib.font_manager:findfont: Matching :family=cmex10:style=normal:variant=normal:weight=normal:stretch=normal:size=10.0 to cmex10 ('/home/anhtu293/.local/lib/python3.6/site-packages/matplotlib/mpl-data/fonts/ttf/cmex10.ttf') with score of 0.050000.
DEBUG:matplotlib.font_manager:findfont: Matching :family=DejaVu Sans:style=normal:variant=normal:weight=normal:stretch=normal:size=10.0 to DejaVu Sans ('/home/anhtu293/.local/lib/python3.6/site-packages/matplotlib/mpl-data/fonts/ttf/DejaVuSans.ttf') with score of 0.050000.
DEBUG:matplotlib.font_manager:findfont: Matching :family=DejaVu Sans:style=italic:variant=normal:weight=normal:stretch=normal:size=10.0 to DejaVu Sans ('/home/anhtu293/.local/lib/python3.6/site-packages/matplotlib/mpl-data/fonts/ttf/DejaVuSans-Oblique.ttf') with score of 0.150000.
DEBUG:matplotlib.font_manager:findfont: Matching :family=DejaVu Sans:style=normal:variant=normal:weight=bold:stretch=normal:size=10.0 to DejaVu Sans ('/home/anhtu293/.local/lib/python3.6/site-packages/matplotlib/mpl-data/fonts/ttf/DejaVuSans-Bold.ttf') with score of 0.000000.
DEBUG:matplotlib.font_manager:findfont: Matching :family=DejaVu Sans Mono:style=normal:variant=normal:weight=normal:stretch=normal:size=10.0 to DejaVu Sans Mono ('/home/anhtu293/.local/lib/python3.6/site-packages/matplotlib/mpl-data/fonts/ttf/DejaVuSansMono.ttf') with score of 0.050000.
DEBUG:matplotlib.font_manager:findfont: Matching :family=DejaVu Sans Display:style=normal:variant=normal:weight=normal:stretch=normal:size=10.0 to DejaVu Sans Display ('/home/anhtu293/.local/lib/python3.6/site-packages/matplotlib/mpl-data/fonts/ttf/DejaVuSansDisplay.ttf') with score of 0.050000.
DEBUG:matplotlib.axes._base:update_title_pos
DEBUG:matplotlib.axes._base:update_title_pos
DEBUG:matplotlib.axes._base:update_title_pos
DEBUG:matplotlib.axes._base:update_title_pos
DEBUG:matplotlib.axes._base:update_title_pos
DEBUG:matplotlib.axes._base:update_title_pos
DEBUG:matplotlib.axes._base:update_title_pos
DEBUG:matplotlib.axes._base:update_title_pos
DEBUG:matplotlib.axes._base:update_title_pos
INFO:root:Iteration 0 

INFO:root:[-0.0834436680592994, 0.963427945572888, -1.1731404683542117e-05]
INFO:root:Iteration 1 

INFO:root:[-0.08404664117469457, 0.963725345220977, -0.00010414741198326448]
INFO:root:Iteration 2 

INFO:root:[-0.08455886267371866, 0.9638772581269384, -0.00026994249931839713]
INFO:root:Iteration 3 

INFO:root:[-0.08477597485219547, 0.9639738292454078, -0.0004886105419784869]
INFO:root:Iteration 4 

INFO:root:[-0.08477272963526222, 0.9641786646794863, -0.0006634013390492071]
INFO:root:Iteration 5 

INFO:root:[-0.08464561688676416, 0.9646052925747647, -0.0006908211754929345]
INFO:root:Iteration 6 

INFO:root:[-0.08454975007671518, 0.9652846783494264, -0.0005381159511049045]
INFO:root:Iteration 7 

INFO:root:[-0.08445345013091712, 0.9661229850337861, -0.0002934412110817521]
INFO:root:Iteration 8 

INFO:root:[-0.08433205532692115, 0.9671353639542061, 1.6788092614368786e-05]
INFO:root:Iteration 9 

INFO:root:[-0.08418820486104495, 0.9683803945962428, 0.00034481301294481343]
INFO:root:Iteration 10 

INFO:root:[-0.0839868637065086, 0.9698076113230615, 0.0005477546331776766]
INFO:root:Iteration 11 

INFO:root:[-0.08372283006353382, 0.9712589768707394, 0.0006105917262652362]
INFO:root:Iteration 12 

INFO:root:[-0.08343566430884185, 0.9727453679169327, 0.000568931564972664]
INFO:root:Iteration 13 

INFO:root:[-0.08314546593466926, 0.9743470772383335, 0.0004598370266343395]
INFO:root:Iteration 14 

INFO:root:[-0.08285285678573359, 0.9761302999967733, 0.00039088378275446684]
INFO:root:Iteration 15 

INFO:root:[-0.08262182505141015, 0.9780287600808856, 0.00043287283727544835]
INFO:root:Iteration 16 

INFO:root:[-0.08252100241732373, 0.9799847284027401, 0.0005580602277754542]
INFO:root:Iteration 17 

INFO:root:[-0.08249611275683935, 0.9820088054078431, 0.0006926011224113002]
INFO:root:Iteration 18 

INFO:root:[-0.08252645921987282, 0.9840103490335255, 0.0008313938461831307]
INFO:root:Iteration 19 

INFO:root:[-0.08257474292909543, 0.9858877877420994, 0.00106607442053427]
INFO:root:Iteration 20 

INFO:root:[-0.08269207617930481, 0.9876559750021291, 0.0013191224378904071]
INFO:root:Iteration 21 

INFO:root:[-0.08306253032714328, 0.9893500786715317, 0.0015344775806575821]
INFO:root:Iteration 22 

INFO:root:[-0.08372456003425734, 0.9909547605365395, 0.0016847415438618581]
INFO:root:Iteration 23 

INFO:root:[-0.08469376146756484, 0.9925655814988631, 0.0017271817038381763]
INFO:root:Iteration 24 

INFO:root:[-0.08605503934175616, 0.9941494281353874, 0.001793751930255363]
INFO:root:Iteration 25 

INFO:root:[-0.08792150778013186, 0.9957875690435486, 0.0019284726949097847]
INFO:root:Iteration 26 

INFO:root:[-0.09030964864720711, 0.9973596380862815, 0.0020786990670328353]
INFO:root:Iteration 27 

INFO:root:[-0.09311131376834608, 0.9988429405285327, 0.0022068563333076914]
INFO:root:Iteration 28 

INFO:root:[-0.09626265030940041, 1.0001548046081024, 0.002307902739667265]
INFO:root:Iteration 29 

INFO:root:[-0.09967939204289558, 1.001221337687275, 0.002459500751073679]
INFO:root:Iteration 30 

INFO:root:[-0.10338075490208982, 1.0020505038784462, 0.0026814492736832365]
INFO:root:Iteration 31 

INFO:root:[-0.1073535902337409, 1.002596623744422, 0.0029460036416705635]
INFO:root:Iteration 32 

INFO:root:[-0.11156922726115955, 1.0028309270689446, 0.003199518353748695]
INFO:root:Iteration 33 

INFO:root:[-0.11599528921865788, 1.0027591388286055, 0.003405726830156878]
INFO:root:Iteration 34 

INFO:root:[-0.12055621994622696, 1.0024420573548292, 0.0036216122743590613]
INFO:root:Iteration 35 

INFO:root:[-0.1252578195316656, 1.0019373645852259, 0.003876241478186875]
INFO:root:Iteration 36 

INFO:root:[-0.13011965496116062, 1.001188132299836, 0.004166750466343061]
INFO:root:Iteration 37 

INFO:root:[-0.13510591328913926, 1.0001567462426848, 0.004513292756804124]
INFO:root:Iteration 38 

INFO:root:[-0.14018992028978244, 0.998864228541951, 0.00485215668965053]
INFO:root:Iteration 39 

INFO:root:[-0.1453471581554097, 0.9973964371851188, 0.005117464605128017]
INFO:root:Iteration 40 

INFO:root:[-0.15063440252686103, 0.995809541428567, 0.00534520966089681]
INFO:root:Iteration 41 

INFO:root:[-0.1560564283346932, 0.9940748392922448, 0.00551366567997995]
INFO:root:Iteration 42 

INFO:root:[-0.16160211475491276, 0.9922055926101695, 0.005665259037407261]
INFO:root:Iteration 43 

INFO:root:[-0.16728761143277643, 0.9901798867868763, 0.0058038390144334135]
INFO:root:Iteration 44 

INFO:root:[-0.1730498092082225, 0.987954605418995, 0.005940939174929182]
INFO:root:Iteration 45 

INFO:root:[-0.178888278152552, 0.9856060006076357, 0.006105639501455446]
INFO:root:Iteration 46 

INFO:root:[-0.1848912072713484, 0.9832129517553082, 0.006273136272061376]
INFO:root:Iteration 47 

INFO:root:[-0.19104335240669557, 0.9807693063436457, 0.006428797428966668]
INFO:root:Iteration 48 

INFO:root:[-0.1973633626355064, 0.978309877358098, 0.006633571168490967]
DEBUG:matplotlib.axes._base:update_title_pos
DEBUG:matplotlib.axes._base:update_title_pos
INFO:root:Iteration 49 

INFO:root:[-0.20396928217902116, 0.9758704154965536, 0.006920522204073452]
INFO:root:Iteration 50 

INFO:root:[-0.21089739347842337, 0.9734364812231286, 0.00726565168318799]
INFO:root:Iteration 51 

INFO:root:[-0.21813043665724868, 0.9710034625399055, 0.007635094130061542]
INFO:root:Iteration 52 

INFO:root:[-0.2256046625387639, 0.9685653428681936, 0.00798638769461013]
INFO:root:Iteration 53 

INFO:root:[-0.23331718941964924, 0.9661552125553118, 0.008289273637287337]
INFO:root:Iteration 54 

INFO:root:[-0.24136245018607724, 0.9638028596560808, 0.008565230678620557]
INFO:root:Iteration 55 

INFO:root:[-0.2497928150046223, 0.9614346687901113, 0.008842893004725873]
INFO:root:Iteration 56 

INFO:root:[-0.25852727808433307, 0.9589575010364736, 0.009185072580718151]
INFO:root:Iteration 57 

INFO:root:[-0.26748519994015985, 0.9563324612122072, 0.00963469593068694]
INFO:root:Iteration 58 

INFO:root:[-0.2766278026688904, 0.9535442329758949, 0.010159989163718172]
INFO:root:Iteration 59 

INFO:root:[-0.28600558149956024, 0.9505993796925837, 0.010713551462039322]
INFO:root:Iteration 60 

INFO:root:[-0.295696045937225, 0.9474619384457882, 0.011175378924148011]
INFO:root:Iteration 61 

INFO:root:[-0.30566744756603614, 0.9440472409542987, 0.011528524993283738]
INFO:root:Iteration 62 

INFO:root:[-0.3158553171603316, 0.9403108052036864, 0.011912363555113105]
INFO:root:Iteration 63 

INFO:root:[-0.32628748576055866, 0.9362406004597532, 0.012390922080214061]
INFO:root:Iteration 64 

INFO:root:[-0.33699698130061556, 0.9318202176723931, 0.012876874900007662]
INFO:root:Iteration 65 

INFO:root:[-0.3479580462972246, 0.9270145977098888, 0.01334606610928484]
INFO:root:Iteration 66 

INFO:root:[-0.3590905684453911, 0.9218157905822183, 0.013809600198449831]
INFO:root:Iteration 67 

INFO:root:[-0.3703919075548585, 0.9162660260008265, 0.01426166292354911]
INFO:root:Iteration 68 

INFO:root:[-0.38194502250641676, 0.9103793148905786, 0.014716463799503919]
INFO:root:Iteration 69 

INFO:root:[-0.3937945779938956, 0.904138203232791, 0.015196179525664322]
INFO:root:Iteration 70 

INFO:root:[-0.4059476285406885, 0.8975137654567614, 0.015709913343300064]
INFO:root:Iteration 71 

INFO:root:[-0.41836456023118285, 0.8904802472371675, 0.016286495860150806]
INFO:root:Iteration 72 

INFO:root:[-0.43098586170544506, 0.8830446480528549, 0.016905205991762838]
INFO:root:Iteration 73 

INFO:root:[-0.4438371201438997, 0.8752488016141994, 0.01748888864284876]
INFO:root:Iteration 74 

INFO:root:[-0.45694178889600934, 0.8670820851149077, 0.01800127633736401]
INFO:root:Iteration 75 

INFO:root:[-0.470252402768252, 0.8585061478458473, 0.01842566861662426]
INFO:root:Iteration 76 

INFO:root:[-0.4837274957626366, 0.8494979007022655, 0.018800636188660028]
INFO:root:Iteration 77 

INFO:root:[-0.497377850816335, 0.8400177442214188, 0.019210531977449232]
INFO:root:Iteration 78 

INFO:root:[-0.5112312369765686, 0.8300224423663689, 0.019673069326762337]
INFO:root:Iteration 79 

INFO:root:[-0.5252789766437672, 0.8194910609326105, 0.020197920392415025]
INFO:root:Iteration 80 

INFO:root:[-0.5395431238468762, 0.8084463424256795, 0.020760617059923787]
INFO:root:Iteration 81 

INFO:root:[-0.5540796028696635, 0.7968877594239547, 0.021293021817506523]
INFO:root:Iteration 82 

INFO:root:[-0.5688885327283365, 0.784740344128129, 0.02181539637196139]
INFO:root:Iteration 83 

INFO:root:[-0.5838740788917575, 0.7718955542936028, 0.02236032509279862]
INFO:root:Iteration 84 

INFO:root:[-0.5989812439863733, 0.7583277336193963, 0.022927527464859494]
INFO:root:Iteration 85 

INFO:root:[-0.6141991879290104, 0.7440029058109129, 0.023510511962082824]
INFO:root:Iteration 86 

INFO:root:[-0.6295083934037334, 0.7288951139352023, 0.02409614172715594]
INFO:root:Iteration 87 

INFO:root:[-0.6448937624712533, 0.7129955271400765, 0.02467669793009466]
INFO:root:Iteration 88 

INFO:root:[-0.6603401496744702, 0.6962987171087373, 0.025256076958297603]
INFO:root:Iteration 89 

INFO:root:[-0.6758327021655239, 0.6787939488594504, 0.02583811226591343]
INFO:root:Iteration 90 

INFO:root:[-0.691357664262843, 0.6604686255288937, 0.026414394264158987]
INFO:root:Iteration 91 

INFO:root:[-0.7068946758566295, 0.6413402251790097, 0.026937752883784447]
INFO:root:Iteration 92 

INFO:root:[-0.7224202174659071, 0.6214829519047465, 0.027386180037216906]
INFO:root:Iteration 93 

INFO:root:[-0.7379339148917465, 0.600963731598732, 0.02776767948108776]
INFO:root:Iteration 94 

INFO:root:[-0.7534437900252702, 0.5798270451160223, 0.02813393202690006]
INFO:root:Iteration 95 

INFO:root:[-0.7689802845376236, 0.5581219813951802, 0.02857123010995904]
INFO:root:Iteration 96 

INFO:root:[-0.784632881656326, 0.5358624908709394, 0.02908702443600558]
INFO:root:Iteration 97 

INFO:root:[-0.8004273051696277, 0.51302934737112, 0.029613820639616407]
INFO:root:Iteration 98 

INFO:root:[-0.8163375783751444, 0.4895688336140671, 0.030100258319835]
DEBUG:matplotlib.axes._base:update_title_pos
DEBUG:matplotlib.axes._base:update_title_pos
INFO:root:Iteration 99 

INFO:root:[-0.8323312408844148, 0.46541419706535886, 0.03055922482259972]
INFO:root:Iteration 100 

INFO:root:[-0.8483979257693862, 0.4404851431474849, 0.031017156517264624]
INFO:root:Iteration 101 

INFO:root:[-0.864485037729633, 0.4147314327536543, 0.03150553404831847]
INFO:root:Iteration 102 

INFO:root:[-0.8805610742519536, 0.3881082552666846, 0.03201557892579762]
INFO:root:Iteration 103 

INFO:root:[-0.8966183960332953, 0.3605800183570487, 0.03253967166972642]
INFO:root:Iteration 104 

INFO:root:[-0.9126550209574393, 0.3321220375174469, 0.03307088882781004]
INFO:root:Iteration 105 

INFO:root:[-0.9286774260179139, 0.30271301043365845, 0.03360513449072194]
INFO:root:Iteration 106 

INFO:root:[-0.9446926412516289, 0.27233761580667304, 0.03414051821316902]
INFO:root:Iteration 107 

INFO:root:[-0.9607047888536422, 0.24098730491402492, 0.03467663527238732]
INFO:root:Iteration 108 

INFO:root:[-0.9767141160476162, 0.2086610706277188, 0.03521507211775513]
INFO:root:Iteration 109 

INFO:root:[-0.9927158786745877, 0.17536653744281214, 0.03575988405549673]
INFO:root:Iteration 110 

INFO:root:[-1.0086980383269588, 0.14112189369293465, 0.03631849993922543]
INFO:root:Iteration 111 

INFO:root:[-1.02462636451916, 0.10597507293255695, 0.03690198209129052]
INFO:root:Iteration 112 

INFO:root:[-1.040460489525351, 0.06997970541701233, 0.03751596375936392]
INFO:root:Iteration 113 

INFO:root:[-1.0561848397829245, 0.03315369332116491, 0.03815650324900795]
INFO:root:Iteration 114 

INFO:root:[-1.0717983233367163, -0.004505598702165205, 0.0388168091844312]
INFO:root:Iteration 115 

INFO:root:[-1.0872855665441978, -0.04298277046119577, 0.039488341178345536]
INFO:root:Iteration 116 

INFO:root:[-1.102628300146978, -0.08225709177662385, 0.04015956858324028]
INFO:root:Iteration 117 

INFO:root:[-1.1177893331294153, -0.12228304843671267, 0.040822827961775686]
INFO:root:Iteration 118 

INFO:root:[-1.1327196069655683, -0.16299950292083604, 0.04147193916093886]
INFO:root:Iteration 119 

INFO:root:[-1.1473797613517214, -0.20435723655812607, 0.042106124190438396]
INFO:root:Iteration 120 

INFO:root:[-1.1617398107582033, -0.24631894983325417, 0.04272917467658678]
INFO:root:Iteration 121 

INFO:root:[-1.1757689929029658, -0.2888465025546161, 0.04334067525171566]
INFO:root:Iteration 122 

INFO:root:[-1.1894375013234777, -0.33190313394421345, 0.043938878673692255]
INFO:root:Iteration 123 

INFO:root:[-1.2026871809176212, -0.37541634137889457, 0.04451922178943784]
INFO:root:Iteration 124 

INFO:root:[-1.2154450623723596, -0.4192944567719535, 0.04507221739458134]
INFO:root:Iteration 125 

INFO:root:[-1.2276411133692806, -0.46344883816011123, 0.0455847492562814]
INFO:root:Iteration 126 

INFO:root:[-1.2391920792463549, -0.5077748340276651, 0.046054354515598715]
INFO:root:Iteration 127 

INFO:root:[-1.2499493765232486, -0.5520863161554307, 0.046484567181986264]
INFO:root:Iteration 128 

INFO:root:[-1.2597314344659074, -0.596154940681426, 0.046876095918963225]
INFO:root:Iteration 129 

INFO:root:[-1.2683536357455658, -0.6397479983641091, 0.04722609684930376]
INFO:root:Iteration 130 

INFO:root:[-1.2755712300379032, -0.6825575593965605, 0.04752825136308639]
INFO:root:Iteration 131 

INFO:root:[-1.2810765329349896, -0.7241959383653634, 0.04777477374919119]
INFO:root:Iteration 132 

INFO:root:[-1.2844815142522525, -0.7641707333623493, 0.04796045900364322]
INFO:root:Iteration 133 

INFO:root:[-1.2851369318196286, -0.8016539856353828, 0.048072107596098965]
INFO:root:Iteration 134 

INFO:root:[-1.2820650880642137, -0.8353935819891877, 0.04803238458485182]
INFO:root:Iteration 135 

INFO:root:[-1.273982759736481, -0.8637406718199216, 0.04774856113325336]
INFO:root:Iteration 136 

INFO:root:[-1.2594342452460223, -0.8847402454143807, 0.04722487497861143]
INFO:root:Iteration 137 

INFO:root:[-1.239277418077411, -0.8973543761366607, 0.04648976439847268]
INFO:root:Iteration 138 

INFO:root:[-1.2169915141923642, -0.9049064702058688, 0.04561592822211018]
INFO:root:Iteration 139 

INFO:root:[-1.1940061308928425, -0.9098807770408444, 0.04472916944152344]
INFO:root:Iteration 140 

INFO:root:[-1.170746468372223, -0.9131220029092721, 0.043806289752022116]
INFO:root:Iteration 141 

INFO:root:[-1.1471925237659395, -0.9149457631439947, 0.04285643749564984]
INFO:root:Iteration 142 

INFO:root:[-1.1234367991526035, -0.9156600447012211, 0.04188405744846179]
INFO:root:Iteration 143 

INFO:root:[-1.0997070134553115, -0.9158926759893846, 0.04092892236229218]
INFO:root:Iteration 144 

INFO:root:[-1.0759427998533586, -0.9155773163865054, 0.0399672316057419]
INFO:root:Iteration 145 

INFO:root:[-1.052078132895845, -0.9146295277747459, 0.03895663905793678]
INFO:root:Iteration 146 

INFO:root:[-1.0281692647043517, -0.9131442490455599, 0.037917451269556424]
INFO:root:Iteration 147 

INFO:root:[-1.004213216426764, -0.9110902489907594, 0.03688090212843587]
INFO:root:Iteration 148 

INFO:root:[-0.9802001162979727, -0.9084722338595712, 0.03593854488654561]
DEBUG:matplotlib.axes._base:update_title_pos
DEBUG:matplotlib.axes._base:update_title_pos
INFO:root:Iteration 149 

INFO:root:[-0.9561657108380979, -0.9052951677021629, 0.035054595847987875]
INFO:root:Iteration 150 

INFO:root:[-0.9321422673729026, -0.901477415970318, 0.03409413805219429]
INFO:root:Iteration 151 

INFO:root:[-0.9082229309456283, -0.8971212563227785, 0.033069286334023486]
INFO:root:Iteration 152 

INFO:root:[-0.8843857935850495, -0.8923116388245095, 0.032092840218363894]
INFO:root:Iteration 153 

INFO:root:[-0.8606281169273249, -0.8869772568628017, 0.031209016953074147]
INFO:root:Iteration 154 

INFO:root:[-0.8369983693739236, -0.8811445928647488, 0.030375453453897944]
INFO:root:Iteration 155 

INFO:root:[-0.8134133026561365, -0.8748909873358338, 0.02952908802650482]
INFO:root:Iteration 156 

INFO:root:[-0.7898554485250693, -0.868264327119028, 0.028681831551731443]
INFO:root:Iteration 157 

INFO:root:[-0.7663165882931849, -0.8613179507403343, 0.027821409972663615]
INFO:root:Iteration 158 

INFO:root:[-0.7428228689585252, -0.8540702231093259, 0.02699410425129375]
INFO:root:Iteration 159 

INFO:root:[-0.7194819598988909, -0.8465210569581707, 0.02621905894087206]
INFO:root:Iteration 160 

INFO:root:[-0.6963831590570071, -0.8386979995499637, 0.025488223573049248]
INFO:root:Iteration 161 

INFO:root:[-0.6736595831818051, -0.8305989885374336, 0.02473613804795009]
INFO:root:Iteration 162 

INFO:root:[-0.6513941597329919, -0.8221819258457954, 0.023922702476904523]
INFO:root:Iteration 163 

INFO:root:[-0.6296561207182074, -0.8134030890630616, 0.023047361786517118]
INFO:root:Iteration 164 

INFO:root:[-0.6085206980881526, -0.8042928026014539, 0.022150643199408068]
INFO:root:Iteration 165 

INFO:root:[-0.5878961007843361, -0.7948690404064913, 0.021339447019617274]
INFO:root:Iteration 166 

INFO:root:[-0.5677712838483884, -0.7850304002139958, 0.02056021829739302]
INFO:root:Iteration 167 

INFO:root:[-0.5482730204153357, -0.7748096830110444, 0.01979131948580083]
INFO:root:Iteration 168 

INFO:root:[-0.5294434923278928, -0.7642200988915423, 0.019098171914380995]
INFO:root:Iteration 169 

INFO:root:[-0.511255959316497, -0.7532532491445388, 0.018447897237521525]
INFO:root:Iteration 170 

INFO:root:[-0.49373263323075217, -0.7419605725170932, 0.017833490594965522]
INFO:root:Iteration 171 

INFO:root:[-0.4768727849410476, -0.7304055901465983, 0.01729373311719199]
INFO:root:Iteration 172 

INFO:root:[-0.46059128581674885, -0.7186106406928616, 0.016775913000542653]
INFO:root:Iteration 173 

INFO:root:[-0.4449880055077774, -0.7066218958544039, 0.01625154078420095]
INFO:root:Iteration 174 

INFO:root:[-0.4300789060016858, -0.6945498930847022, 0.015702109082206737]
INFO:root:Iteration 175 

INFO:root:[-0.4157675165971076, -0.6824625620009593, 0.015131381239204647]
INFO:root:Iteration 176 

INFO:root:[-0.40208582251617553, -0.6704325458822582, 0.014575627892123624]
INFO:root:Iteration 177 

INFO:root:[-0.3889770493237498, -0.6585284758190265, 0.014091951424978258]
INFO:root:Iteration 178 

INFO:root:[-0.3764100216817512, -0.6468059087781017, 0.01366184835400805]
INFO:root:Iteration 179 

INFO:root:[-0.364388398183574, -0.6352642378459249, 0.013256972593571986]
INFO:root:Iteration 180 

INFO:root:[-0.35292014941266125, -0.6239536072849434, 0.012900550901353702]
INFO:root:Iteration 181 

INFO:root:[-0.3420385463329302, -0.6128814473635829, 0.012567502215252158]
INFO:root:Iteration 182 

INFO:root:[-0.33171470181373697, -0.6020591067346208, 0.012226777734175796]
INFO:root:Iteration 183 

INFO:root:[-0.32190426348568657, -0.5914934361826325, 0.01191386177419849]
INFO:root:Iteration 184 

INFO:root:[-0.31259882199592437, -0.5812388643996012, 0.011592531851350098]
INFO:root:Iteration 185 

INFO:root:[-0.3037480011122696, -0.5713265909660158, 0.011256450573453557]
INFO:root:Iteration 186 

INFO:root:[-0.29531201766498094, -0.5617534974159493, 0.010927805420303086]
INFO:root:Iteration 187 

INFO:root:[-0.28727081523738746, -0.5525446904667025, 0.01060136930625266]
INFO:root:Iteration 188 

INFO:root:[-0.27961953384020694, -0.5437378910151288, 0.010267769701060992]
INFO:root:Iteration 189 

INFO:root:[-0.27235283715158537, -0.5353677998827269, 0.009904947989850277]
INFO:root:Iteration 190 

INFO:root:[-0.2654686448139491, -0.5274808547580786, 0.009559577159767966]
INFO:root:Iteration 191 

INFO:root:[-0.25888349209967165, -0.5201781074296662, 0.00926920713538312]
INFO:root:Iteration 192 

INFO:root:[-0.252515741472171, -0.5135578708393106, 0.009035819129872287]
INFO:root:Iteration 193 

INFO:root:[-0.2463173409761815, -0.5076715437155092, 0.008869403370208688]
INFO:root:Iteration 194 

INFO:root:[-0.24029347922889935, -0.5025042083532566, 0.008780034929954285]
INFO:root:Iteration 195 

INFO:root:[-0.23445540084158625, -0.4980352447073643, 0.00875458199242743]
INFO:root:Iteration 196 

INFO:root:[-0.22882357590548827, -0.4942386412200851, 0.008763085969734446]
INFO:root:Iteration 197 

INFO:root:[-0.2234503254726711, -0.49105680455501666, 0.008765081169342537]
INFO:root:Iteration 198 

INFO:root:[-0.2183845636916675, -0.4884216615496762, 0.008734583250991586]
DEBUG:matplotlib.axes._base:update_title_pos
DEBUG:matplotlib.axes._base:update_title_pos
INFO:root:Iteration 199 

INFO:root:[-0.21366895974681285, -0.48628653329529414, 0.008645514412788458]
INFO:root:================End================

